✔ [1013/1064] Built Erdos776.Combinatorics.Antichain (2.8s)
✔ [1014/1064] Built Erdos776.Combinatorics.Cascade (3.3s)
✔ [1015/1064] Built Erdos776.L4.ReverseEnvelope (3.9s)
✔ [1016/1064] Built Erdos776.Combinatorics.Padding (1.9s)
✔ [1017/1064] Built Erdos776.Combinatorics.CascadeNormalForm (1.7s)
✔ [1018/1064] Built Erdos776.Combinatorics.CascadeFamily (1.9s)
✔ [1019/1064] Built Erdos776.Combinatorics.CoreToFull (2.2s)
✔ [1020/1064] Built Erdos776.Combinatorics.FiniteColex (1.3s)
✔ [1021/1064] Built Erdos776.Combinatorics.NumericShadow (1.2s)
✔ [1022/1064] Built Erdos776.Combinatorics.ProfileNecessity (1.5s)
✔ [1023/1064] Built Erdos776.Combinatorics.NormalShadow (1.5s)
✔ [1024/1064] Built Erdos776.L4.CascadeSteps (1.9s)
✔ [1025/1064] Built Erdos776.Combinatorics.BoundedShadow (1.5s)
✔ [1026/1064] Built Erdos776.Combinatorics.ProfileSufficiency (1.6s)
✔ [1027/1064] Built Erdos776.Combinatorics.DiagonalTransfer (2.0s)
✔ [1028/1064] Built Erdos776.Combinatorics.ProfileCriterion (1.4s)
✔ [1029/1064] Built Erdos776.L4.ReverseSteps (4.2s)
✔ [1030/1064] Built Erdos776.L4.Profile (1.1s)
✔ [1031/1064] Built Erdos776.Uniform.DiagonalObstruction (2.3s)
✔ [1032/1064] Built Erdos776.Uniform.Assembly (1.4s)
✔ [1033/1064] Built Erdos776.Uniform.FreeCore (1.3s)
✔ [1034/1064] Built Erdos776.Uniform.CoreCarry (1.5s)
✔ [1035/1064] Built Erdos776.Uniform.FiniteProfileChecker (1.8s)
✔ [1036/1064] Built Erdos776.Uniform.OccupiedLevels (1.6s)
✔ [1037/1064] Built Erdos776.Uniform.GlobalThreshold (1.0s)
✔ [1038/1064] Built Erdos776.Uniform.LowerWindow.Supersolution (1.1s)
✔ [1039/1064] Built Erdos776.Uniform.SmallRangeCertificate (1.2s)
✔ [1040/1064] Built Erdos776.Uniform.LowerWindow.EnvelopeSegments (1.4s)
✔ [1041/1064] Built Erdos776.Uniform.LowerWindow.FiniteChecker (1.5s)
✔ [1042/1064] Built Erdos776.Uniform.LowerWindow.Parameters (1.6s)
✔ [1043/1064] Built Erdos776.Uniform.LowerWindow.PhaseParameters (1.5s)
✔ [1044/1064] Built Erdos776.Uniform.LowerWindow.Anchors (2.7s)
✔ [1045/1064] Built Erdos776.Uniform.LowerWindow.PhasePositions (1.0s)
✔ [1046/1064] Built Erdos776.Uniform.LowerWindow.ScalarCollapse (1.9s)
✔ [1047/1064] Built Erdos776.Uniform.LowerWindow.PhaseTransitions (2.1s)
✔ [1048/1064] Built Erdos776.Uniform.LowerWindow.FinalLevels (1.5s)
✔ [1049/1064] Built Erdos776.Uniform.LowerWindow.PhaseBounds (1.8s)
✔ [1050/1064] Built Erdos776.Uniform.LowerWindow.PhaseHarvest (1.7s)
✔ [1051/1064] Built Erdos776.Uniform.LowerWindow.PhaseCanonical (2.1s)
✔ [1052/1064] Built Erdos776.Uniform.LowerWindow.PhaseStart (1.2s)
✔ [1053/1064] Built Erdos776.Uniform.LowerWindow.PhaseCapacity (1.1s)
✔ [1054/1064] Built Erdos776.Uniform.LowerWindow.RisingTail (2.2s)
✔ [1055/1064] Built Erdos776.Uniform.LowerWindow.GeneralizedEnvelope (2.0s)
✔ [1056/1064] Built Erdos776.Uniform.LowerWindow.ScalarStates (1.0s)
✔ [1057/1064] Built Erdos776.Uniform.LowerWindow.FullEnvelope (2.2s)
✔ [1058/1064] Built Erdos776.Uniform.LowerWindow.PhaseAssembly (1.5s)
✔ [1059/1064] Built Erdos776.Uniform.LowerWindow.FiniteCertificate (648s)
✔ [1060/1064] Built Erdos776.Uniform.FiniteCertificate (1.3s)
✔ [1061/1064] Built Erdos776.Uniform.ThresholdTable (1.1s)
✔ [1062/1064] Built Erdos776.Uniform.ProblemStatement (1.2s)
✔ [1063/1064] Built Erdos776 (1.4s)
Build completed successfully (1064 jobs).

real	11m44.489s
user	12m33.100s
sys	0m21.965s
build exit=0
